2021-11-02 00:00:00 < 2021-11-03 00:00:00
EARLY: -1 days 00:00:00 days

2021-11-05 00:00:00 < 2021-11-10 00:00:00
EARLY: -5 days 00:00:00 days

2021-11-08 00:00:00 < 2021-11-16 00:00:00
EARLY: -8 days 00:00:00 days

2021-11-11 00:00:00 < 2021-12-01 00:00:00
EARLY: -20 days 00:00:00 days

2021-11-23 00:00:00 < 2022-01-09 00:00:00
EARLY: -47 days 00:00:00 days

2021-11-25 00:00:00 < 2021-12-04 00:00:00
EARLY: -9 days 00:00:00 days

2021-11-27 00:00:00 < 2021-12-07 00:00:00
EARLY: -10 days 00:00:00 days

2021-12-02 00:00:00 < 2021-12-10 00:00:00
EARLY: -8 days 00:00:00 days

2021-12-08 00:00:00 < 2022-01-09 00:00:00
EARLY: -32 days 00:00:00 days

2021-12-12 00:00:00 < 2022-01-10 00:00:00
EARLY: -29 days 00:00:00 days

2021-12-16 00:00:00 < 2022-01-13 00:00:00
EARLY: -28 days 00:00:00 days

2021-12-28 00:00:00 < 2022-02-14 00:00:00
EARLY: -48 days 00:00:00 days

2022-01-25 00:00:00 < 2022-02-07 00:00:00
EARLY: -13 days 00:00:00 days

Detected collectors: 13 (17.105263157894736%)
--> Early detection: 13 (100.0%)
--> Late detection: 0 (0.0%)
--> Spot on detection: 0 (0.0%)
Missed collectors: 61 (80.26315789473685%)
